// Jest Snapshot v1, https://goo.gl/fbAQLP

exports[`<CalculatorDisplay /> should render 1`] = `
<div
  className="calculator-display"
>
  <div
    className="calculator-display__auto-scaling"
    style={
      Object {
        "transform": "scale(1,1)",
      }
    }
  >
    0
  </div>
</div>
`;
